Using vips to process variants requires the libvips library. Please install libvips using the instructions on the libvips website.
Started GET "/books" for 127.0.0.1 at 2026-09-13 21:03:34 -0500
  [1m[36mActiveRecord::SchemaMigration Load (0.9ms)[0m  [1m[34mSELECT "schema_migrations"."version" FROM "schema_migrations" ORDER BY "schema_migrations"."version" ASC /*application='BookCollection'*/[0m
Processing by BooksController#index as */*
  Rendering layout layouts/application.html.erb
  Rendering books/index.html.erb within layouts/application
  [1m[36mBook Exists? (0.3ms)[0m  [1m[34mSELECT 1 AS one FROM "books" LIMIT 1 /*action='index',application='BookCollection',controller='books'*/[0m
  ↳ app/views/books/index.html.erb:7
  Rendered books/index.html.erb within layouts/application (Duration: 11.8ms | GC: 0.0ms)
  Rendered layout layouts/application.html.erb (Duration: 16.1ms | GC: 0.0ms)
Completed 200 OK in 28ms (Views: 11.3ms | ActiveRecord: 6.4ms (1 query, 0 cached) | GC: 0.0ms)


Started GET "/books/new" for 127.0.0.1 at 2026-09-13 21:03:34 -0500
Processing by BooksController#new as */*
  Rendering layout layouts/application.html.erb
  Rendering books/new.html.erb within layouts/application
  Rendered books/_form.html.erb (Duration: 2.5ms | GC: 0.0ms)
  Rendered books/new.html.erb within layouts/application (Duration: 3.2ms | GC: 0.0ms)
  Rendered layout layouts/application.html.erb (Duration: 3.3ms | GC: 0.0ms)
Completed 200 OK in 8ms (Views: 3.5ms | ActiveRecord: 2.5ms (0 queries, 0 cached) | GC: 0.0ms)


Started POST "/books" for 127.0.0.1 at 2026-09-13 21:03:34 -0500
Processing by BooksController#create as */*
  Parameters: {"authenticity_token" => "[FILTERED]", "book" => {"title" => "The Pragmatic Programmer"}}
  Rendering layout layouts/application.html.erb
  Rendering books/new.html.erb within layouts/application
  Rendered books/_form.html.erb (Duration: 1.2ms | GC: 0.0ms)
  Rendered books/new.html.erb within layouts/application (Duration: 1.3ms | GC: 0.0ms)
  Rendered layout layouts/application.html.erb (Duration: 1.6ms | GC: 0.0ms)
Completed 422 Unprocessable Content in 6ms (Views: 1.8ms | ActiveRecord: 0.0ms (0 queries, 0 cached) | GC: 0.0ms)


Started GET "/books" for 127.0.0.1 at 2026-09-13 21:03:34 -0500
Processing by BooksController#index as */*
  Rendering layout layouts/application.html.erb
  Rendering books/index.html.erb within layouts/application
  [1m[36mBook Exists? (0.3ms)[0m  [1m[34mSELECT 1 AS one FROM "books" LIMIT 1 /*action='index',application='BookCollection',controller='books'*/[0m
  ↳ app/views/books/index.html.erb:7
  Rendered books/index.html.erb within layouts/application (Duration: 0.7ms | GC: 0.0ms)
  Rendered layout layouts/application.html.erb (Duration: 1.0ms | GC: 0.0ms)
Completed 200 OK in 1ms (Views: 0.8ms | ActiveRecord: 0.3ms (1 query, 0 cached) | GC: 0.0ms)


Started GET "/" for 127.0.0.1 at 2026-09-13 21:03:36 -0500
Processing by BooksController#index as HTML
  Rendering layout layouts/application.html.erb
  Rendering books/index.html.erb within layouts/application
  [1m[36mBook Exists? (0.3ms)[0m  [1m[34mSELECT 1 AS one FROM "books" LIMIT 1 /*action='index',application='BookCollection',controller='books'*/[0m
  ↳ app/views/books/index.html.erb:7
  Rendered books/index.html.erb within layouts/application (Duration: 1.3ms | GC: 0.0ms)
  Rendered layout layouts/application.html.erb (Duration: 2.0ms | GC: 0.0ms)
Completed 200 OK in 4ms (Views: 2.0ms | ActiveRecord: 0.3ms (1 query, 0 cached) | GC: 0.0ms)


Started GET "/books/new" for 127.0.0.1 at 2026-09-13 21:03:37 -0500
Processing by BooksController#new as HTML
  Rendering layout layouts/application.html.erb
  Rendering books/new.html.erb within layouts/application
  Rendered books/_form.html.erb (Duration: 1.6ms | GC: 0.0ms)
  Rendered books/new.html.erb within layouts/application (Duration: 1.8ms | GC: 0.0ms)
  Rendered layout layouts/application.html.erb (Duration: 2.3ms | GC: 0.0ms)
Completed 200 OK in 4ms (Views: 2.8ms | ActiveRecord: 0.0ms (0 queries, 0 cached) | GC: 0.0ms)


Started GET "/books/new" for 127.0.0.1 at 2026-09-13 21:03:44 -0500
Processing by BooksController#new as */*
  Rendering layout layouts/application.html.erb
  Rendering books/new.html.erb within layouts/application
  Rendered books/_form.html.erb (Duration: 1.1ms | GC: 0.0ms)
  Rendered books/new.html.erb within layouts/application (Duration: 1.3ms | GC: 0.0ms)
  Rendered layout layouts/application.html.erb (Duration: 1.6ms | GC: 0.0ms)
Completed 200 OK in 4ms (Views: 2.6ms | ActiveRecord: 0.0ms (0 queries, 0 cached) | GC: 0.0ms)


Started POST "/books" for 127.0.0.1 at 2026-09-13 21:03:44 -0500
Processing by BooksController#create as */*
  Parameters: {"authenticity_token" => "[FILTERED]", "book" => {"title" => "The Pragmatic Programmer", "author" => "Andy Hunt", "price" => "39.99", "published_date" => "1999-10-20"}}
  [1m[36mTRANSACTION (0.2ms)[0m  [1m[35mBEGIN /*action='create',application='BookCollection',controller='books'*/[0m
  ↳ app/controllers/books_controller.rb:27:in 'block in BooksController#create'
  [1m[36mBook Create (1.8ms)[0m  [1m[32mINSERT INTO "books" ("created_at", "title", "updated_at", "author", "price", "published_date") VALUES ('2026-09-14 02:03:44.545779', 'The Pragmatic Programmer', '2026-09-14 02:03:44.545779', 'Andy Hunt', 39.99, '1999-10-20') RETURNING "id" /*action='create',application='BookCollection',controller='books'*/[0m
  ↳ app/controllers/books_controller.rb:27:in 'block in BooksController#create'
  [1m[36mTRANSACTION (0.3ms)[0m  [1m[35mCOMMIT /*action='create',application='BookCollection',controller='books'*/[0m
  ↳ app/controllers/books_controller.rb:27:in 'block in BooksController#create'
Redirected to http://127.0.0.1:3000/books
↳ app/controllers/books_controller.rb:28:in 'block (2 levels) in BooksController#create'
Completed 303 See Other in 6ms (ActiveRecord: 2.3ms (1 query, 0 cached) | GC: 0.0ms)


Started GET "/books" for 127.0.0.1 at 2026-09-13 21:03:44 -0500
Processing by BooksController#index as */*
  Rendering layout layouts/application.html.erb
  Rendering books/index.html.erb within layouts/application
  [1m[36mBook Exists? (0.3ms)[0m  [1m[34mSELECT 1 AS one FROM "books" LIMIT 1 /*action='index',application='BookCollection',controller='books'*/[0m
  ↳ app/views/books/index.html.erb:7
  [1m[36mBook Load (0.2ms)[0m  [1m[34mSELECT "books".* FROM "books" /*action='index',application='BookCollection',controller='books'*/[0m
  ↳ app/views/books/index.html.erb:8
  Rendered books/_book.html.erb (Duration: 0.3ms | GC: 0.0ms)
  Rendered books/index.html.erb within layouts/application (Duration: 2.8ms | GC: 0.0ms)
  Rendered layout layouts/application.html.erb (Duration: 3.2ms | GC: 0.0ms)
Completed 200 OK in 4ms (Views: 2.9ms | ActiveRecord: 0.5ms (2 queries, 0 cached) | GC: 0.0ms)


Started GET "/books.json" for 127.0.0.1 at 2026-09-13 21:03:53 -0500
Processing by BooksController#index as JSON
  Rendering books/index.json.jbuilder
  [1m[36mBook Load (0.4ms)[0m  [1m[34mSELECT "books".* FROM "books" /*action='index',application='BookCollection',controller='books'*/[0m
  ↳ app/views/books/index.json.jbuilder:1
  Rendered collection of books/_book.json.jbuilder [1 times] (Duration: 0.5ms | GC: 0.0ms)
  Rendered books/index.json.jbuilder (Duration: 2.3ms | GC: 0.0ms)
Completed 200 OK in 4ms (Views: 2.9ms | ActiveRecord: 0.4ms (1 query, 0 cached) | GC: 0.0ms)


Started GET "/books" for 127.0.0.1 at 2026-09-13 21:03:53 -0500
Processing by BooksController#index as */*
  Rendering layout layouts/application.html.erb
  Rendering books/index.html.erb within layouts/application
  [1m[36mBook Exists? (0.3ms)[0m  [1m[34mSELECT 1 AS one FROM "books" LIMIT 1 /*action='index',application='BookCollection',controller='books'*/[0m
  ↳ app/views/books/index.html.erb:7
  [1m[36mBook Load (0.2ms)[0m  [1m[34mSELECT "books".* FROM "books" /*action='index',application='BookCollection',controller='books'*/[0m
  ↳ app/views/books/index.html.erb:8
  Rendered books/_book.html.erb (Duration: 0.0ms | GC: 0.0ms)
  Rendered books/index.html.erb within layouts/application (Duration: 1.2ms | GC: 0.0ms)
  Rendered layout layouts/application.html.erb (Duration: 1.5ms | GC: 0.0ms)
Completed 200 OK in 2ms (Views: 1.2ms | ActiveRecord: 0.4ms (2 queries, 0 cached) | GC: 0.0ms)


Started GET "/books" for 127.0.0.1 at 2026-09-13 21:03:53 -0500
Processing by BooksController#index as */*
  Rendering layout layouts/application.html.erb
  Rendering books/index.html.erb within layouts/application
  [1m[36mBook Exists? (0.2ms)[0m  [1m[34mSELECT 1 AS one FROM "books" LIMIT 1 /*action='index',application='BookCollection',controller='books'*/[0m
  ↳ app/views/books/index.html.erb:7
  [1m[36mBook Load (0.2ms)[0m  [1m[34mSELECT "books".* FROM "books" /*action='index',application='BookCollection',controller='books'*/[0m
  ↳ app/views/books/index.html.erb:8
  Rendered books/_book.html.erb (Duration: 0.0ms | GC: 0.0ms)
  Rendered books/index.html.erb within layouts/application (Duration: 1.0ms | GC: 0.0ms)
  Rendered layout layouts/application.html.erb (Duration: 1.2ms | GC: 0.0ms)
Completed 200 OK in 2ms (Views: 1.0ms | ActiveRecord: 0.3ms (2 queries, 0 cached) | GC: 0.0ms)


Started GET "/books/new" for 127.0.0.1 at 2026-09-13 21:03:53 -0500
Processing by BooksController#new as */*
  Rendering layout layouts/application.html.erb
  Rendering books/new.html.erb within layouts/application
  Rendered books/_form.html.erb (Duration: 0.4ms | GC: 0.0ms)
  Rendered books/new.html.erb within layouts/application (Duration: 0.5ms | GC: 0.0ms)
  Rendered layout layouts/application.html.erb (Duration: 0.7ms | GC: 0.0ms)
Completed 200 OK in 1ms (Views: 0.8ms | ActiveRecord: 0.0ms (0 queries, 0 cached) | GC: 0.0ms)


Started GET "/books/new" for 127.0.0.1 at 2026-09-13 21:03:53 -0500
Processing by BooksController#new as */*
  Rendering layout layouts/application.html.erb
  Rendering books/new.html.erb within layouts/application
  Rendered books/_form.html.erb (Duration: 0.4ms | GC: 0.0ms)
  Rendered books/new.html.erb within layouts/application (Duration: 0.5ms | GC: 0.0ms)
  Rendered layout layouts/application.html.erb (Duration: 0.6ms | GC: 0.0ms)
Completed 200 OK in 1ms (Views: 0.7ms | ActiveRecord: 0.0ms (0 queries, 0 cached) | GC: 0.0ms)


Started GET "/books/1" for 127.0.0.1 at 2026-09-13 21:03:53 -0500
Processing by BooksController#show as */*
  Parameters: {"id" => "1"}
  [1m[36mBook Load (0.5ms)[0m  [1m[34mSELECT "books".* FROM "books" WHERE "books"."id" = 1 LIMIT 1 /*action='show',application='BookCollection',controller='books'*/[0m
  ↳ app/controllers/books_controller.rb:67:in 'BooksController#set_book'
  Rendering layout layouts/application.html.erb
  Rendering books/show.html.erb within layouts/application
  Rendered books/_book.html.erb (Duration: 0.0ms | GC: 0.0ms)
  Rendered books/show.html.erb within layouts/application (Duration: 0.3ms | GC: 0.0ms)
  Rendered layout layouts/application.html.erb (Duration: 0.5ms | GC: 0.0ms)
Completed 200 OK in 3ms (Views: 0.6ms | ActiveRecord: 0.5ms (1 query, 0 cached) | GC: 0.0ms)


Started GET "/books/1" for 127.0.0.1 at 2026-09-13 21:03:53 -0500
Processing by BooksController#show as */*
  Parameters: {"id" => "1"}
  [1m[36mBook Load (0.3ms)[0m  [1m[34mSELECT "books".* FROM "books" WHERE "books"."id" = 1 LIMIT 1 /*action='show',application='BookCollection',controller='books'*/[0m
  ↳ app/controllers/books_controller.rb:67:in 'BooksController#set_book'
  Rendering layout layouts/application.html.erb
  Rendering books/show.html.erb within layouts/application
  Rendered books/_book.html.erb (Duration: 0.0ms | GC: 0.0ms)
  Rendered books/show.html.erb within layouts/application (Duration: 0.1ms | GC: 0.0ms)
  Rendered layout layouts/application.html.erb (Duration: 0.4ms | GC: 0.0ms)
Completed 200 OK in 1ms (Views: 0.5ms | ActiveRecord: 0.3ms (1 query, 0 cached) | GC: 0.0ms)


Started GET "/books/1/edit" for 127.0.0.1 at 2026-09-13 21:03:53 -0500
Processing by BooksController#edit as */*
  Parameters: {"id" => "1"}
  [1m[36mBook Load (0.2ms)[0m  [1m[34mSELECT "books".* FROM "books" WHERE "books"."id" = 1 LIMIT 1 /*action='edit',application='BookCollection',controller='books'*/[0m
  ↳ app/controllers/books_controller.rb:67:in 'BooksController#set_book'
  Rendering layout layouts/application.html.erb
  Rendering books/edit.html.erb within layouts/application
  Rendered books/_form.html.erb (Duration: 0.5ms | GC: 0.0ms)
  Rendered books/edit.html.erb within layouts/application (Duration: 0.6ms | GC: 0.0ms)
  Rendered layout layouts/application.html.erb (Duration: 0.7ms | GC: 0.0ms)
Completed 200 OK in 2ms (Views: 0.8ms | ActiveRecord: 0.2ms (1 query, 0 cached) | GC: 0.0ms)


Started GET "/books/1/edit" for 127.0.0.1 at 2026-09-13 21:03:53 -0500
Processing by BooksController#edit as */*
  Parameters: {"id" => "1"}
  [1m[36mBook Load (0.2ms)[0m  [1m[34mSELECT "books".* FROM "books" WHERE "books"."id" = 1 LIMIT 1 /*action='edit',application='BookCollection',controller='books'*/[0m
  ↳ app/controllers/books_controller.rb:67:in 'BooksController#set_book'
  Rendering layout layouts/application.html.erb
  Rendering books/edit.html.erb within layouts/application
  Rendered books/_form.html.erb (Duration: 0.4ms | GC: 0.0ms)
  Rendered books/edit.html.erb within layouts/application (Duration: 0.4ms | GC: 0.0ms)
  Rendered layout layouts/application.html.erb (Duration: 0.6ms | GC: 0.0ms)
Completed 200 OK in 1ms (Views: 0.6ms | ActiveRecord: 0.2ms (1 query, 0 cached) | GC: 0.0ms)


Started GET "/books/1/delete" for 127.0.0.1 at 2026-09-13 21:03:53 -0500
Processing by BooksController#delete as */*
  Parameters: {"id" => "1"}
  [1m[36mBook Load (0.2ms)[0m  [1m[34mSELECT "books".* FROM "books" WHERE "books"."id" = 1 LIMIT 1 /*action='delete',application='BookCollection',controller='books'*/[0m
  ↳ app/controllers/books_controller.rb:67:in 'BooksController#set_book'
  Rendering layout layouts/application.html.erb
  Rendering books/delete.html.erb within layouts/application
  Rendered books/_book.html.erb (Duration: 0.0ms | GC: 0.0ms)
  Rendered books/delete.html.erb within layouts/application (Duration: 0.3ms | GC: 0.0ms)
  Rendered layout layouts/application.html.erb (Duration: 0.5ms | GC: 0.0ms)
Completed 200 OK in 1ms (Views: 0.6ms | ActiveRecord: 0.2ms (1 query, 0 cached) | GC: 0.0ms)


Started GET "/books/1/delete" for 127.0.0.1 at 2026-09-13 21:03:53 -0500
Processing by BooksController#delete as */*
  Parameters: {"id" => "1"}
  [1m[36mBook Load (0.2ms)[0m  [1m[34mSELECT "books".* FROM "books" WHERE "books"."id" = 1 LIMIT 1 /*action='delete',application='BookCollection',controller='books'*/[0m
  ↳ app/controllers/books_controller.rb:67:in 'BooksController#set_book'
  Rendering layout layouts/application.html.erb
  Rendering books/delete.html.erb within layouts/application
  Rendered books/_book.html.erb (Duration: 0.0ms | GC: 0.0ms)
  Rendered books/delete.html.erb within layouts/application (Duration: 0.2ms | GC: 0.0ms)
  Rendered layout layouts/application.html.erb (Duration: 0.3ms | GC: 0.0ms)
Completed 200 OK in 1ms (Views: 0.4ms | ActiveRecord: 0.2ms (1 query, 0 cached) | GC: 0.0ms)


Started GET "/books/1/edit" for 127.0.0.1 at 2026-09-13 21:04:03 -0500
Processing by BooksController#edit as */*
  Parameters: {"id" => "1"}
  [1m[36mBook Load (0.4ms)[0m  [1m[34mSELECT "books".* FROM "books" WHERE "books"."id" = 1 LIMIT 1 /*action='edit',application='BookCollection',controller='books'*/[0m
  ↳ app/controllers/books_controller.rb:67:in 'BooksController#set_book'
  Rendering layout layouts/application.html.erb
  Rendering books/edit.html.erb within layouts/application
  Rendered books/_form.html.erb (Duration: 1.0ms | GC: 0.0ms)
  Rendered books/edit.html.erb within layouts/application (Duration: 1.1ms | GC: 0.0ms)
  Rendered layout layouts/application.html.erb (Duration: 1.4ms | GC: 0.0ms)
Completed 200 OK in 4ms (Views: 1.7ms | ActiveRecord: 0.4ms (1 query, 0 cached) | GC: 0.0ms)


Started PATCH "/books/1" for 127.0.0.1 at 2026-09-13 21:04:03 -0500
Processing by BooksController#update as */*
  Parameters: {"authenticity_token" => "[FILTERED]", "book" => {"title" => "Refactoring", "author" => "Martin Fowler", "price" => "49.99", "published_date" => "2018-11-20"}, "id" => "1"}
  [1m[36mBook Load (0.4ms)[0m  [1m[34mSELECT "books".* FROM "books" WHERE "books"."id" = 1 LIMIT 1 /*action='update',application='BookCollection',controller='books'*/[0m
  ↳ app/controllers/books_controller.rb:67:in 'BooksController#set_book'
  [1m[36mTRANSACTION (0.1ms)[0m  [1m[35mBEGIN /*action='update',application='BookCollection',controller='books'*/[0m
  ↳ app/controllers/books_controller.rb:40:in 'block in BooksController#update'
  [1m[36mBook Update (1.0ms)[0m  [1m[33mUPDATE "books" SET "title" = 'Refactoring', "updated_at" = '2026-09-14 02:04:03.569432', "author" = 'Martin Fowler', "price" = 49.99, "published_date" = '2018-11-20' WHERE "books"."id" = 1 /*action='update',application='BookCollection',controller='books'*/[0m
  ↳ app/controllers/books_controller.rb:40:in 'block in BooksController#update'
  [1m[36mTRANSACTION (0.3ms)[0m  [1m[35mCOMMIT /*action='update',application='BookCollection',controller='books'*/[0m
  ↳ app/controllers/books_controller.rb:40:in 'block in BooksController#update'
Redirected to http://127.0.0.1:3000/books
↳ app/controllers/books_controller.rb:41:in 'block (2 levels) in BooksController#update'
Completed 303 See Other in 4ms (ActiveRecord: 1.8ms (2 queries, 0 cached) | GC: 0.0ms)


Started GET "/books" for 127.0.0.1 at 2026-09-13 21:04:03 -0500
Processing by BooksController#index as */*
  Rendering layout layouts/application.html.erb
  Rendering books/index.html.erb within layouts/application
  [1m[36mBook Exists? (0.2ms)[0m  [1m[34mSELECT 1 AS one FROM "books" LIMIT 1 /*action='index',application='BookCollection',controller='books'*/[0m
  ↳ app/views/books/index.html.erb:7
  [1m[36mBook Load (0.1ms)[0m  [1m[34mSELECT "books".* FROM "books" /*action='index',application='BookCollection',controller='books'*/[0m
  ↳ app/views/books/index.html.erb:8
  Rendered books/_book.html.erb (Duration: 0.0ms | GC: 0.0ms)
  Rendered books/index.html.erb within layouts/application (Duration: 1.2ms | GC: 0.0ms)
  Rendered layout layouts/application.html.erb (Duration: 1.5ms | GC: 0.0ms)
Completed 200 OK in 2ms (Views: 1.4ms | ActiveRecord: 0.3ms (2 queries, 0 cached) | GC: 0.0ms)


Started GET "/books/1/delete" for 127.0.0.1 at 2026-09-13 21:04:03 -0500
Processing by BooksController#delete as */*
  Parameters: {"id" => "1"}
  [1m[36mBook Load (0.2ms)[0m  [1m[34mSELECT "books".* FROM "books" WHERE "books"."id" = 1 LIMIT 1 /*action='delete',application='BookCollection',controller='books'*/[0m
  ↳ app/controllers/books_controller.rb:67:in 'BooksController#set_book'
  Rendering layout layouts/application.html.erb
  Rendering books/delete.html.erb within layouts/application
  Rendered books/_book.html.erb (Duration: 0.0ms | GC: 0.0ms)
  Rendered books/delete.html.erb within layouts/application (Duration: 0.4ms | GC: 0.0ms)
  Rendered layout layouts/application.html.erb (Duration: 0.6ms | GC: 0.0ms)
Completed 200 OK in 2ms (Views: 0.7ms | ActiveRecord: 0.2ms (1 query, 0 cached) | GC: 0.0ms)


Started DELETE "/books/1" for 127.0.0.1 at 2026-09-13 21:04:03 -0500
Processing by BooksController#destroy as */*
  Parameters: {"authenticity_token" => "[FILTERED]", "id" => "1"}
  [1m[36mBook Load (0.4ms)[0m  [1m[34mSELECT "books".* FROM "books" WHERE "books"."id" = 1 LIMIT 1 /*action='destroy',application='BookCollection',controller='books'*/[0m
  ↳ app/controllers/books_controller.rb:67:in 'BooksController#set_book'
  [1m[36mTRANSACTION (0.1ms)[0m  [1m[35mBEGIN /*action='destroy',application='BookCollection',controller='books'*/[0m
  ↳ app/controllers/books_controller.rb:56:in 'BooksController#destroy'
  [1m[36mBook Destroy (0.6ms)[0m  [1m[31mDELETE FROM "books" WHERE "books"."id" = 1 /*action='destroy',application='BookCollection',controller='books'*/[0m
  ↳ app/controllers/books_controller.rb:56:in 'BooksController#destroy'
  [1m[36mTRANSACTION (0.3ms)[0m  [1m[35mCOMMIT /*action='destroy',application='BookCollection',controller='books'*/[0m
  ↳ app/controllers/books_controller.rb:56:in 'BooksController#destroy'
Redirected to http://127.0.0.1:3000/books
↳ app/controllers/books_controller.rb:59:in 'block (2 levels) in BooksController#destroy'
Completed 303 See Other in 13ms (ActiveRecord: 1.3ms (2 queries, 0 cached) | GC: 9.9ms)


Started GET "/books" for 127.0.0.1 at 2026-09-13 21:04:03 -0500
Processing by BooksController#index as */*
  Rendering layout layouts/application.html.erb
  Rendering books/index.html.erb within layouts/application
  [1m[36mBook Exists? (0.2ms)[0m  [1m[34mSELECT 1 AS one FROM "books" LIMIT 1 /*action='index',application='BookCollection',controller='books'*/[0m
  ↳ app/views/books/index.html.erb:7
  Rendered books/index.html.erb within layouts/application (Duration: 0.5ms | GC: 0.0ms)
  Rendered layout layouts/application.html.erb (Duration: 0.9ms | GC: 0.0ms)
Completed 200 OK in 1ms (Views: 0.9ms | ActiveRecord: 0.2ms (1 query, 0 cached) | GC: 0.0ms)


Started GET "/books/new" for 127.0.0.1 at 2026-09-13 21:04:08 -0500
Processing by BooksController#new as HTML
  Rendering layout layouts/application.html.erb
  Rendering books/new.html.erb within layouts/application
  Rendered books/_form.html.erb (Duration: 1.3ms | GC: 0.0ms)
  Rendered books/new.html.erb within layouts/application (Duration: 1.5ms | GC: 0.0ms)
  Rendered layout layouts/application.html.erb (Duration: 1.9ms | GC: 0.0ms)
Completed 200 OK in 3ms (Views: 2.3ms | ActiveRecord: 0.0ms (0 queries, 0 cached) | GC: 0.0ms)


Started GET "/books" for 127.0.0.1 at 2026-09-13 21:04:40 -0500
Processing by BooksController#index as HTML
  Rendering layout layouts/application.html.erb
  Rendering books/index.html.erb within layouts/application
  [1m[36mBook Exists? (0.4ms)[0m  [1m[34mSELECT 1 AS one FROM "books" LIMIT 1 /*action='index',application='BookCollection',controller='books'*/[0m
  ↳ app/views/books/index.html.erb:7
  Rendered books/index.html.erb within layouts/application (Duration: 1.6ms | GC: 0.0ms)
  Rendered layout layouts/application.html.erb (Duration: 2.5ms | GC: 0.0ms)
Completed 200 OK in 4ms (Views: 2.5ms | ActiveRecord: 0.4ms (1 query, 0 cached) | GC: 0.0ms)


Started POST "/books" for 127.0.0.1 at 2026-09-13 21:05:13 -0500
Processing by BooksController#create as TURBO_STREAM
  Parameters: {"authenticity_token" => "[FILTERED]", "book" => {"title" => "Test", "author" => "Me", "price" => "10", "published_date" => "2026-05-02"}, "commit" => "Create Book"}
  [1m[36mTRANSACTION (0.2ms)[0m  [1m[35mBEGIN /*action='create',application='BookCollection',controller='books'*/[0m
  ↳ app/controllers/books_controller.rb:27:in 'block in BooksController#create'
  [1m[36mBook Create (1.3ms)[0m  [1m[32mINSERT INTO "books" ("created_at", "title", "updated_at", "author", "price", "published_date") VALUES ('2026-09-14 02:05:13.104883', 'Test', '2026-09-14 02:05:13.104883', 'Me', 10.0, '2026-05-02') RETURNING "id" /*action='create',application='BookCollection',controller='books'*/[0m
  ↳ app/controllers/books_controller.rb:27:in 'block in BooksController#create'
  [1m[36mTRANSACTION (0.4ms)[0m  [1m[35mCOMMIT /*action='create',application='BookCollection',controller='books'*/[0m
  ↳ app/controllers/books_controller.rb:27:in 'block in BooksController#create'
Redirected to http://127.0.0.1:3000/books
↳ app/controllers/books_controller.rb:28:in 'block (2 levels) in BooksController#create'
Completed 303 See Other in 7ms (ActiveRecord: 1.8ms (1 query, 0 cached) | GC: 1.1ms)


Started GET "/books" for 127.0.0.1 at 2026-09-13 21:05:13 -0500
Processing by BooksController#index as TURBO_STREAM
  Rendering layout layouts/application.html.erb
  Rendering books/index.html.erb within layouts/application
  [1m[36mBook Exists? (0.3ms)[0m  [1m[34mSELECT 1 AS one FROM "books" LIMIT 1 /*action='index',application='BookCollection',controller='books'*/[0m
  ↳ app/views/books/index.html.erb:7
  [1m[36mBook Load (0.1ms)[0m  [1m[34mSELECT "books".* FROM "books" /*action='index',application='BookCollection',controller='books'*/[0m
  ↳ app/views/books/index.html.erb:8
  Rendered books/_book.html.erb (Duration: 0.1ms | GC: 0.0ms)
  Rendered books/index.html.erb within layouts/application (Duration: 3.4ms | GC: 1.2ms)
  Rendered layout layouts/application.html.erb (Duration: 4.1ms | GC: 1.2ms)
Completed 200 OK in 5ms (Views: 4.0ms | ActiveRecord: 0.4ms (2 queries, 0 cached) | GC: 1.2ms)


Started GET "/books/new" for 127.0.0.1 at 2026-09-13 21:05:13 -0500
Processing by BooksController#new as HTML
  Rendering layout layouts/application.html.erb
  Rendering books/new.html.erb within layouts/application
  Rendered books/_form.html.erb (Duration: 1.3ms | GC: 0.0ms)
  Rendered books/new.html.erb within layouts/application (Duration: 1.5ms | GC: 0.0ms)
  Rendered layout layouts/application.html.erb (Duration: 2.7ms | GC: 0.7ms)
Completed 200 OK in 4ms (Views: 3.1ms | ActiveRecord: 0.0ms (0 queries, 0 cached) | GC: 0.7ms)


Started GET "/books/2/edit" for 127.0.0.1 at 2026-09-13 21:05:23 -0500
Processing by BooksController#edit as HTML
  Parameters: {"id" => "2"}
  [1m[36mBook Load (0.4ms)[0m  [1m[34mSELECT "books".* FROM "books" WHERE "books"."id" = 2 LIMIT 1 /*action='edit',application='BookCollection',controller='books'*/[0m
  ↳ app/controllers/books_controller.rb:67:in 'BooksController#set_book'
  Rendering layout layouts/application.html.erb
  Rendering books/edit.html.erb within layouts/application
  Rendered books/_form.html.erb (Duration: 1.3ms | GC: 0.0ms)
  Rendered books/edit.html.erb within layouts/application (Duration: 1.5ms | GC: 0.0ms)
  Rendered layout layouts/application.html.erb (Duration: 1.9ms | GC: 0.0ms)
Completed 200 OK in 5ms (Views: 2.2ms | ActiveRecord: 0.3ms (1 query, 0 cached) | GC: 0.0ms)


Started GET "/books/2" for 127.0.0.1 at 2026-09-13 21:05:46 -0500
Processing by BooksController#show as HTML
  Parameters: {"id" => "2"}
  [1m[36mBook Load (0.4ms)[0m  [1m[34mSELECT "books".* FROM "books" WHERE "books"."id" = 2 LIMIT 1 /*action='show',application='BookCollection',controller='books'*/[0m
  ↳ app/controllers/books_controller.rb:67:in 'BooksController#set_book'
  Rendering layout layouts/application.html.erb
  Rendering books/show.html.erb within layouts/application
  Rendered books/_book.html.erb (Duration: 0.1ms | GC: 0.0ms)
  Rendered books/show.html.erb within layouts/application (Duration: 0.4ms | GC: 0.0ms)
  Rendered layout layouts/application.html.erb (Duration: 1.2ms | GC: 0.0ms)
Completed 200 OK in 4ms (Views: 1.6ms | ActiveRecord: 0.3ms (1 query, 0 cached) | GC: 0.0ms)


Started GET "/books/new" for 127.0.0.1 at 2026-09-13 21:05:48 -0500
Processing by BooksController#new as HTML
  Rendering layout layouts/application.html.erb
  Rendering books/new.html.erb within layouts/application
  Rendered books/_form.html.erb (Duration: 1.5ms | GC: 0.3ms)
  Rendered books/new.html.erb within layouts/application (Duration: 1.6ms | GC: 0.3ms)
  Rendered layout layouts/application.html.erb (Duration: 2.1ms | GC: 0.3ms)
Completed 200 OK in 4ms (Views: 2.4ms | ActiveRecord: 0.0ms (0 queries, 0 cached) | GC: 0.3ms)


Started POST "/books" for 127.0.0.1 at 2026-09-13 21:05:55 -0500
Processing by BooksController#create as TURBO_STREAM
  Parameters: {"authenticity_token" => "[FILTERED]", "book" => {"title" => "Test2", "author" => "Meme", "price" => "10", "published_date" => "2000-05-02"}, "commit" => "Create Book"}
  [1m[36mTRANSACTION (0.2ms)[0m  [1m[35mBEGIN /*action='create',application='BookCollection',controller='books'*/[0m
  ↳ app/controllers/books_controller.rb:27:in 'block in BooksController#create'
  [1m[36mBook Create (1.3ms)[0m  [1m[32mINSERT INTO "books" ("created_at", "title", "updated_at", "author", "price", "published_date") VALUES ('2026-09-14 02:05:55.584558', 'Test2', '2026-09-14 02:05:55.584558', 'Meme', 10.0, '2000-05-02') RETURNING "id" /*action='create',application='BookCollection',controller='books'*/[0m
  ↳ app/controllers/books_controller.rb:27:in 'block in BooksController#create'
  [1m[36mTRANSACTION (0.4ms)[0m  [1m[35mCOMMIT /*action='create',application='BookCollection',controller='books'*/[0m
  ↳ app/controllers/books_controller.rb:27:in 'block in BooksController#create'
Redirected to http://127.0.0.1:3000/books
↳ app/controllers/books_controller.rb:28:in 'block (2 levels) in BooksController#create'
Completed 303 See Other in 6ms (ActiveRecord: 1.9ms (1 query, 0 cached) | GC: 0.0ms)


Started GET "/books" for 127.0.0.1 at 2026-09-13 21:05:55 -0500
Processing by BooksController#index as TURBO_STREAM
  Rendering layout layouts/application.html.erb
  Rendering books/index.html.erb within layouts/application
  [1m[36mBook Exists? (0.3ms)[0m  [1m[34mSELECT 1 AS one FROM "books" LIMIT 1 /*action='index',application='BookCollection',controller='books'*/[0m
  ↳ app/views/books/index.html.erb:7
  [1m[36mBook Load (0.1ms)[0m  [1m[34mSELECT "books".* FROM "books" /*action='index',application='BookCollection',controller='books'*/[0m
  ↳ app/views/books/index.html.erb:8
  Rendered books/_book.html.erb (Duration: 0.1ms | GC: 0.0ms)
  Rendered books/_book.html.erb (Duration: 0.0ms | GC: 0.0ms)
  Rendered books/index.html.erb within layouts/application (Duration: 2.5ms | GC: 0.1ms)
  Rendered layout layouts/application.html.erb (Duration: 3.2ms | GC: 0.1ms)
Completed 200 OK in 4ms (Views: 3.2ms | ActiveRecord: 0.4ms (2 queries, 0 cached) | GC: 0.1ms)


Started GET "/books/3" for 127.0.0.1 at 2026-09-13 21:05:56 -0500
Processing by BooksController#show as HTML
  Parameters: {"id" => "3"}
  [1m[36mBook Load (0.5ms)[0m  [1m[34mSELECT "books".* FROM "books" WHERE "books"."id" = 3 LIMIT 1 /*action='show',application='BookCollection',controller='books'*/[0m
  ↳ app/controllers/books_controller.rb:67:in 'BooksController#set_book'
  Rendering layout layouts/application.html.erb
  Rendering books/show.html.erb within layouts/application
  Rendered books/_book.html.erb (Duration: 0.1ms | GC: 0.0ms)
  Rendered books/show.html.erb within layouts/application (Duration: 0.5ms | GC: 0.0ms)
  Rendered layout layouts/application.html.erb (Duration: 1.5ms | GC: 0.0ms)
Completed 200 OK in 5ms (Views: 1.9ms | ActiveRecord: 0.5ms (1 query, 0 cached) | GC: 0.0ms)


Started GET "/books/2/delete" for 127.0.0.1 at 2026-09-13 21:06:37 -0500
Processing by BooksController#delete as HTML
  Parameters: {"id" => "2"}
  [1m[36mBook Load (0.4ms)[0m  [1m[34mSELECT "books".* FROM "books" WHERE "books"."id" = 2 LIMIT 1 /*action='delete',application='BookCollection',controller='books'*/[0m
  ↳ app/controllers/books_controller.rb:67:in 'BooksController#set_book'
  Rendering layout layouts/application.html.erb
  Rendering books/delete.html.erb within layouts/application
  Rendered books/_book.html.erb (Duration: 0.1ms | GC: 0.0ms)
  Rendered books/delete.html.erb within layouts/application (Duration: 1.1ms | GC: 0.0ms)
  Rendered layout layouts/application.html.erb (Duration: 1.7ms | GC: 0.0ms)
Completed 200 OK in 5ms (Views: 2.1ms | ActiveRecord: 0.4ms (1 query, 0 cached) | GC: 0.0ms)


Started GET "/books" for 127.0.0.1 at 2026-09-13 21:06:37 -0500
Processing by BooksController#index as HTML
  Rendering layout layouts/application.html.erb
  Rendering books/index.html.erb within layouts/application
  [1m[36mBook Exists? (0.4ms)[0m  [1m[34mSELECT 1 AS one FROM "books" LIMIT 1 /*action='index',application='BookCollection',controller='books'*/[0m
  ↳ app/views/books/index.html.erb:7
  [1m[36mBook Load (0.1ms)[0m  [1m[34mSELECT "books".* FROM "books" /*action='index',application='BookCollection',controller='books'*/[0m
  ↳ app/views/books/index.html.erb:8
  Rendered books/_book.html.erb (Duration: 0.1ms | GC: 0.0ms)
  Rendered books/_book.html.erb (Duration: 0.0ms | GC: 0.0ms)
  Rendered books/index.html.erb within layouts/application (Duration: 3.0ms | GC: 0.2ms)
  Rendered layout layouts/application.html.erb (Duration: 3.9ms | GC: 0.2ms)
Completed 200 OK in 6ms (Views: 4.2ms | ActiveRecord: 0.5ms (2 queries, 0 cached) | GC: 0.6ms)


Started DELETE "/books/2" for 127.0.0.1 at 2026-09-13 21:06:42 -0500
Processing by BooksController#destroy as TURBO_STREAM
  Parameters: {"authenticity_token" => "[FILTERED]", "id" => "2"}
  [1m[36mBook Load (0.5ms)[0m  [1m[34mSELECT "books".* FROM "books" WHERE "books"."id" = 2 LIMIT 1 /*action='destroy',application='BookCollection',controller='books'*/[0m
  ↳ app/controllers/books_controller.rb:67:in 'BooksController#set_book'
  [1m[36mTRANSACTION (0.1ms)[0m  [1m[35mBEGIN /*action='destroy',application='BookCollection',controller='books'*/[0m
  ↳ app/controllers/books_controller.rb:56:in 'BooksController#destroy'
  [1m[36mBook Destroy (1.6ms)[0m  [1m[31mDELETE FROM "books" WHERE "books"."id" = 2 /*action='destroy',application='BookCollection',controller='books'*/[0m
  ↳ app/controllers/books_controller.rb:56:in 'BooksController#destroy'
  [1m[36mTRANSACTION (0.4ms)[0m  [1m[35mCOMMIT /*action='destroy',application='BookCollection',controller='books'*/[0m
  ↳ app/controllers/books_controller.rb:56:in 'BooksController#destroy'
Redirected to http://127.0.0.1:3000/books
↳ app/controllers/books_controller.rb:59:in 'block (2 levels) in BooksController#destroy'
Completed 303 See Other in 8ms (ActiveRecord: 2.5ms (2 queries, 0 cached) | GC: 0.6ms)


Started GET "/books" for 127.0.0.1 at 2026-09-13 21:06:42 -0500
Processing by BooksController#index as TURBO_STREAM
  Rendering layout layouts/application.html.erb
  Rendering books/index.html.erb within layouts/application
  [1m[36mBook Exists? (0.2ms)[0m  [1m[34mSELECT 1 AS one FROM "books" LIMIT 1 /*action='index',application='BookCollection',controller='books'*/[0m
  ↳ app/views/books/index.html.erb:7
  [1m[36mBook Load (0.1ms)[0m  [1m[34mSELECT "books".* FROM "books" /*action='index',application='BookCollection',controller='books'*/[0m
  ↳ app/views/books/index.html.erb:8
  Rendered books/_book.html.erb (Duration: 0.1ms | GC: 0.0ms)
  Rendered books/index.html.erb within layouts/application (Duration: 2.3ms | GC: 0.3ms)
  Rendered layout layouts/application.html.erb (Duration: 2.9ms | GC: 0.3ms)
Completed 200 OK in 4ms (Views: 3.1ms | ActiveRecord: 0.4ms (2 queries, 0 cached) | GC: 0.5ms)


Started GET "/books/3/delete" for 127.0.0.1 at 2026-09-13 21:07:08 -0500
Processing by BooksController#delete as HTML
  Parameters: {"id" => "3"}
  [1m[36mBook Load (0.4ms)[0m  [1m[34mSELECT "books".* FROM "books" WHERE "books"."id" = 3 LIMIT 1 /*action='delete',application='BookCollection',controller='books'*/[0m
  ↳ app/controllers/books_controller.rb:67:in 'BooksController#set_book'
  Rendering layout layouts/application.html.erb
  Rendering books/delete.html.erb within layouts/application
  Rendered books/_book.html.erb (Duration: 0.1ms | GC: 0.0ms)
  Rendered books/delete.html.erb within layouts/application (Duration: 1.1ms | GC: 0.0ms)
  Rendered layout layouts/application.html.erb (Duration: 1.5ms | GC: 0.0ms)
Completed 200 OK in 5ms (Views: 2.4ms | ActiveRecord: 0.4ms (1 query, 0 cached) | GC: 0.4ms)


Started GET "/books" for 127.0.0.1 at 2026-09-13 21:07:09 -0500
Processing by BooksController#index as HTML
  Rendering layout layouts/application.html.erb
  Rendering books/index.html.erb within layouts/application
  [1m[36mBook Exists? (0.3ms)[0m  [1m[34mSELECT 1 AS one FROM "books" LIMIT 1 /*action='index',application='BookCollection',controller='books'*/[0m
  ↳ app/views/books/index.html.erb:7
  [1m[36mBook Load (0.1ms)[0m  [1m[34mSELECT "books".* FROM "books" /*action='index',application='BookCollection',controller='books'*/[0m
  ↳ app/views/books/index.html.erb:8
  Rendered books/_book.html.erb (Duration: 0.1ms | GC: 0.0ms)
  Rendered books/index.html.erb within layouts/application (Duration: 2.4ms | GC: 0.0ms)
  Rendered layout layouts/application.html.erb (Duration: 3.1ms | GC: 0.0ms)
Completed 200 OK in 5ms (Views: 3.1ms | ActiveRecord: 0.4ms (2 queries, 0 cached) | GC: 0.3ms)


Started GET "/books" for 127.0.0.1 at 2026-09-13 21:07:10 -0500
Processing by BooksController#index as HTML
  Rendering layout layouts/application.html.erb
  Rendering books/index.html.erb within layouts/application
  [1m[36mBook Exists? (0.4ms)[0m  [1m[34mSELECT 1 AS one FROM "books" LIMIT 1 /*action='index',application='BookCollection',controller='books'*/[0m
  ↳ app/views/books/index.html.erb:7
  [1m[36mBook Load (0.2ms)[0m  [1m[34mSELECT "books".* FROM "books" /*action='index',application='BookCollection',controller='books'*/[0m
  ↳ app/views/books/index.html.erb:8
  Rendered books/_book.html.erb (Duration: 0.1ms | GC: 0.0ms)
  Rendered books/index.html.erb within layouts/application (Duration: 2.9ms | GC: 0.0ms)
  Rendered layout layouts/application.html.erb (Duration: 3.8ms | GC: 0.0ms)
Completed 200 OK in 5ms (Views: 3.6ms | ActiveRecord: 0.6ms (2 queries, 0 cached) | GC: 0.0ms)


Started GET "/books" for 127.0.0.1 at 2026-09-13 21:07:11 -0500
Processing by BooksController#index as HTML
  Rendering layout layouts/application.html.erb
  Rendering books/index.html.erb within layouts/application
  [1m[36mBook Exists? (0.4ms)[0m  [1m[34mSELECT 1 AS one FROM "books" LIMIT 1 /*action='index',application='BookCollection',controller='books'*/[0m
  ↳ app/views/books/index.html.erb:7
  [1m[36mBook Load (0.2ms)[0m  [1m[34mSELECT "books".* FROM "books" /*action='index',application='BookCollection',controller='books'*/[0m
  ↳ app/views/books/index.html.erb:8
  Rendered books/_book.html.erb (Duration: 0.1ms | GC: 0.0ms)
  Rendered books/index.html.erb within layouts/application (Duration: 3.3ms | GC: 0.0ms)
  Rendered layout layouts/application.html.erb (Duration: 4.3ms | GC: 0.0ms)
Completed 200 OK in 6ms (Views: 4.2ms | ActiveRecord: 0.6ms (2 queries, 0 cached) | GC: 0.0ms)


Started GET "/books" for 127.0.0.1 at 2026-09-13 21:07:12 -0500
Processing by BooksController#index as HTML
  Rendering layout layouts/application.html.erb
  Rendering books/index.html.erb within layouts/application
  [1m[36mBook Exists? (0.3ms)[0m  [1m[34mSELECT 1 AS one FROM "books" LIMIT 1 /*action='index',application='BookCollection',controller='books'*/[0m
  ↳ app/views/books/index.html.erb:7
  [1m[36mBook Load (0.1ms)[0m  [1m[34mSELECT "books".* FROM "books" /*action='index',application='BookCollection',controller='books'*/[0m
  ↳ app/views/books/index.html.erb:8
  Rendered books/_book.html.erb (Duration: 0.1ms | GC: 0.0ms)
  Rendered books/index.html.erb within layouts/application (Duration: 3.4ms | GC: 0.9ms)
  Rendered layout layouts/application.html.erb (Duration: 4.6ms | GC: 1.5ms)
Completed 200 OK in 6ms (Views: 4.6ms | ActiveRecord: 0.4ms (2 queries, 0 cached) | GC: 1.8ms)


Started GET "/books/new" for 127.0.0.1 at 2026-09-13 21:07:12 -0500
Processing by BooksController#new as HTML
  Rendering layout layouts/application.html.erb
  Rendering books/new.html.erb within layouts/application
  Rendered books/_form.html.erb (Duration: 5.3ms | GC: 3.8ms)
  Rendered books/new.html.erb within layouts/application (Duration: 5.5ms | GC: 3.8ms)
  Rendered layout layouts/application.html.erb (Duration: 6.0ms | GC: 3.8ms)
Completed 200 OK in 10ms (Views: 6.4ms | ActiveRecord: 0.0ms (0 queries, 0 cached) | GC: 6.1ms)


Started GET "/books/new" for 127.0.0.1 at 2026-09-13 21:07:13 -0500
Processing by BooksController#new as HTML
  Rendering layout layouts/application.html.erb
  Rendering books/new.html.erb within layouts/application
  Rendered books/_form.html.erb (Duration: 3.2ms | GC: 1.8ms)
  Rendered books/new.html.erb within layouts/application (Duration: 4.5ms | GC: 2.8ms)
  Rendered layout layouts/application.html.erb (Duration: 6.2ms | GC: 3.9ms)
Completed 200 OK in 9ms (Views: 7.4ms | ActiveRecord: 0.0ms (0 queries, 0 cached) | GC: 5.4ms)


Started POST "/books" for 127.0.0.1 at 2026-09-13 21:07:21 -0500
Processing by BooksController#create as TURBO_STREAM
  Parameters: {"authenticity_token" => "[FILTERED]", "book" => {"title" => "Test", "author" => "ME", "price" => "10", "published_date" => "2004-05-02"}, "commit" => "Create Book"}
  [1m[36mTRANSACTION (0.2ms)[0m  [1m[35mBEGIN /*action='create',application='BookCollection',controller='books'*/[0m
  ↳ app/controllers/books_controller.rb:27:in 'block in BooksController#create'
  [1m[36mBook Create (2.2ms)[0m  [1m[32mINSERT INTO "books" ("created_at", "title", "updated_at", "author", "price", "published_date") VALUES ('2026-09-14 02:07:21.437310', 'Test', '2026-09-14 02:07:21.437310', 'ME', 10.0, '2004-05-02') RETURNING "id" /*action='create',application='BookCollection',controller='books'*/[0m
  ↳ app/controllers/books_controller.rb:27:in 'block in BooksController#create'
  [1m[36mTRANSACTION (0.2ms)[0m  [1m[35mCOMMIT /*action='create',application='BookCollection',controller='books'*/[0m
  ↳ app/controllers/books_controller.rb:27:in 'block in BooksController#create'
Redirected to http://127.0.0.1:3000/books
↳ app/controllers/books_controller.rb:28:in 'block (2 levels) in BooksController#create'
Completed 303 See Other in 11ms (ActiveRecord: 2.6ms (1 query, 0 cached) | GC: 5.3ms)


Started GET "/books" for 127.0.0.1 at 2026-09-13 21:07:21 -0500
Processing by BooksController#index as TURBO_STREAM
  Rendering layout layouts/application.html.erb
  Rendering books/index.html.erb within layouts/application
  [1m[36mBook Exists? (0.2ms)[0m  [1m[34mSELECT 1 AS one FROM "books" LIMIT 1 /*action='index',application='BookCollection',controller='books'*/[0m
  ↳ app/views/books/index.html.erb:7
  [1m[36mBook Load (0.1ms)[0m  [1m[34mSELECT "books".* FROM "books" /*action='index',application='BookCollection',controller='books'*/[0m
  ↳ app/views/books/index.html.erb:8
  Rendered books/_book.html.erb (Duration: 0.1ms | GC: 0.0ms)
  Rendered books/_book.html.erb (Duration: 0.0ms | GC: 0.0ms)
  Rendered books/index.html.erb within layouts/application (Duration: 5.6ms | GC: 3.1ms)
  Rendered layout layouts/application.html.erb (Duration: 7.0ms | GC: 3.6ms)
Completed 200 OK in 9ms (Views: 7.0ms | ActiveRecord: 0.3ms (2 queries, 0 cached) | GC: 4.9ms)


Started GET "/books/3/delete" for 127.0.0.1 at 2026-09-13 21:07:22 -0500
Processing by BooksController#delete as HTML
  Parameters: {"id" => "3"}
  [1m[36mBook Load (0.5ms)[0m  [1m[34mSELECT "books".* FROM "books" WHERE "books"."id" = 3 LIMIT 1 /*action='delete',application='BookCollection',controller='books'*/[0m
  ↳ app/controllers/books_controller.rb:67:in 'BooksController#set_book'
  Rendering layout layouts/application.html.erb
  Rendering books/delete.html.erb within layouts/application
  Rendered books/_book.html.erb (Duration: 0.1ms | GC: 0.0ms)
  Rendered books/delete.html.erb within layouts/application (Duration: 1.0ms | GC: 0.0ms)
  Rendered layout layouts/application.html.erb (Duration: 3.8ms | GC: 2.3ms)
Completed 200 OK in 9ms (Views: 4.3ms | ActiveRecord: 0.5ms (1 query, 0 cached) | GC: 4.2ms)


Started GET "/books" for 127.0.0.1 at 2026-09-13 21:07:23 -0500
Processing by BooksController#index as HTML
  Rendering layout layouts/application.html.erb
  Rendering books/index.html.erb within layouts/application
  [1m[36mBook Exists? (0.4ms)[0m  [1m[34mSELECT 1 AS one FROM "books" LIMIT 1 /*action='index',application='BookCollection',controller='books'*/[0m
  ↳ app/views/books/index.html.erb:7
  [1m[36mBook Load (0.3ms)[0m  [1m[34mSELECT "books".* FROM "books" /*action='index',application='BookCollection',controller='books'*/[0m
  ↳ app/views/books/index.html.erb:8
  Rendered books/_book.html.erb (Duration: 0.1ms | GC: 0.0ms)
  Rendered books/_book.html.erb (Duration: 0.0ms | GC: 0.0ms)
  Rendered books/index.html.erb within layouts/application (Duration: 7.7ms | GC: 4.2ms)
  Rendered layout layouts/application.html.erb (Duration: 8.6ms | GC: 4.5ms)
Completed 200 OK in 11ms (Views: 9.3ms | ActiveRecord: 0.7ms (2 queries, 0 cached) | GC: 5.4ms)


Started DELETE "/books/3" for 127.0.0.1 at 2026-09-13 21:07:23 -0500
Processing by BooksController#destroy as TURBO_STREAM
  Parameters: {"authenticity_token" => "[FILTERED]", "id" => "3"}
  [1m[36mBook Load (0.5ms)[0m  [1m[34mSELECT "books".* FROM "books" WHERE "books"."id" = 3 LIMIT 1 /*action='destroy',application='BookCollection',controller='books'*/[0m
  ↳ app/controllers/books_controller.rb:67:in 'BooksController#set_book'
  [1m[36mTRANSACTION (0.2ms)[0m  [1m[35mBEGIN /*action='destroy',application='BookCollection',controller='books'*/[0m
  ↳ app/controllers/books_controller.rb:56:in 'BooksController#destroy'
  [1m[36mBook Destroy (5.1ms)[0m  [1m[31mDELETE FROM "books" WHERE "books"."id" = 3 /*action='destroy',application='BookCollection',controller='books'*/[0m
  ↳ app/controllers/books_controller.rb:56:in 'BooksController#destroy'
  [1m[36mTRANSACTION (0.7ms)[0m  [1m[35mCOMMIT /*action='destroy',application='BookCollection',controller='books'*/[0m
  ↳ app/controllers/books_controller.rb:56:in 'BooksController#destroy'
Redirected to http://127.0.0.1:3000/books
↳ app/controllers/books_controller.rb:59:in 'block (2 levels) in BooksController#destroy'
Completed 303 See Other in 17ms (ActiveRecord: 6.4ms (2 queries, 0 cached) | GC: 10.1ms)


Started GET "/books" for 127.0.0.1 at 2026-09-13 21:07:23 -0500
Processing by BooksController#index as TURBO_STREAM
  Rendering layout layouts/application.html.erb
  Rendering books/index.html.erb within layouts/application
  [1m[36mBook Exists? (0.2ms)[0m  [1m[34mSELECT 1 AS one FROM "books" LIMIT 1 /*action='index',application='BookCollection',controller='books'*/[0m
  ↳ app/views/books/index.html.erb:7
  [1m[36mBook Load (0.2ms)[0m  [1m[34mSELECT "books".* FROM "books" /*action='index',application='BookCollection',controller='books'*/[0m
  ↳ app/views/books/index.html.erb:8
  Rendered books/_book.html.erb (Duration: 0.1ms | GC: 0.0ms)
  Rendered books/index.html.erb within layouts/application (Duration: 1.8ms | GC: 0.0ms)
  Rendered layout layouts/application.html.erb (Duration: 2.8ms | GC: 0.4ms)
Completed 200 OK in 4ms (Views: 2.7ms | ActiveRecord: 0.4ms (2 queries, 0 cached) | GC: 0.4ms)


